
> ezhalah-app@1.0.0 verify
> npm run verify:taxonomy && npm run verify:location-index


> ezhalah-app@1.0.0 verify:taxonomy
> tsx scripts/verify-taxonomy.ts

=== LAYER 0. Current-map integrity (src/data/propertyTypes.ts) ===
  ✓ static: 31 clean types, 50 distinct type_ar labels, each maps to exactly one clean type (allowed ambiguity: «عمارة»)
  ✓ snapshot: sql/known_type_ar.generated.sql matches the map exactly (51 labels incl. macro)

=== LAYER 1.A  TS maps: generated-from-source == deployed propertyTypes.ts ===
  ✓ RAW_TO_CLEAN: 55 keys value-identical to deployed
  ✓ CLEAN_MACRO: 31 keys value-identical to deployed
  ✓ CLEAN_TO_QUERY: 31 keys value-identical to deployed
  ✓ EN_TO_AR: 40 keys value-identical to deployed
  ✓ CLEAN_TO_TYPE_AR: 31 keys value-identical to deployed

=== LAYER 1.B  TS behaviour: normalizeType() over every known raw × {res,com} ===
  ✓ normalizeType identical for all 57 raws × 2 kinds = 114 cases

=== LAYER 1.C  DB seeds: generated-from-source == committed sql/*.generated.sql (BYTE) ===
  ✓ sql/known_type_ar.generated.sql: byte-identical (2379 bytes)
  ✓ sql/type_label_ar.generated.sql: byte-identical (1742 bytes)
  ✓ sql/known_property_types.generated.sql: byte-identical (1795 bytes)

=== LAYER 1.D  Python maps: generated-from-source == scrapers/common/normalize.py (hermetic pure-TS static parse — no external interpreter) ===
  ✓ normalize.py shapes self-check: TYPE_MAP_AR(42), SLUG_TO_TYPE(26), residential_set(9) — parsed statically, zero external interpreter
  ✓ normalize.py TYPE_MAP_AR: 42 keys value-identical to deployed
  ✓ normalize.py SLUG_TO_TYPE: 26 keys value-identical to deployed
  ✓ normalize.py residential_set: 9 members value-identical to source
  ✓ normalize.py category_default: «Commercial» identical to source

=== LAYER 1.F  Cross-layer disagreement audit (must be PRESERVED, not resolved) ===
    ACTIVE «Studio» (استوديو): TS/DB=Residential  Python=Commercial  override=Commercial  PRESERVED ✓
    latent «Residential Building» (عمارة سكنية): TS/DB=Residential  Python=Commercial  override=Commercial  PRESERVED ✓
    ACTIVE «Duplex» (دوبلكس): TS/DB=Residential  Python=Commercial  override=Commercial  PRESERVED ✓
    ACTIVE «Farm» (مزرعة): TS/DB=Residential  Python=Commercial  override=Commercial  PRESERVED ✓
    latent «Agriculture Plot» (أرض زراعية): TS/DB=Residential  Python=Commercial  override=Commercial  PRESERVED ✓
    «Building» (raw, عمارة): Python=Residential (always)  TS=kind-resolved → Residential Building/Commercial Building  [documented ambiguity]
  ✓ all cross-layer disagreements are recorded and reproduced unchanged

==========================================================================
✅ TAXONOMY GATE PASSED — one source (taxonomy.source.json) regenerates the TS maps,
   normalize.py maps, and all 3 DB seeds with ZERO drift; the deployed map is consistent.

> ezhalah-app@1.0.0 verify:location-index
> tsx scripts/verify-location-index-source.ts

✓ all 1 location-index call(s) target 'location_index_live' (the actively-refreshed view), not the orphaned 'location_index' MV
✓ location_index_live query selects the exact expected columns: city, district, region, n
✓ no src/ file queries the orphaned 'location_index' table directly

✅ location_index repoint tripwire passed — deployment may proceed.
